Archive member included because of file (symbol)

c:/program files/atmel/atmel studio 6.0/extensions/atmel/avrgcc/3.4.1.95/avrtoolchain/bin/../lib/gcc/avr/4.6.2/avr6\libgcc.a(_udivmodqi4.o)
                              spi_sseg.o (__udivmodqi4)
c:/program files/atmel/atmel studio 6.0/extensions/atmel/avrgcc/3.4.1.95/avrtoolchain/bin/../lib/gcc/avr/4.6.2/avr6\libgcc.a(_exit.o)
                              c:/program files/atmel/atmel studio 6.0/extensions/atmel/avrgcc/3.4.1.95/avrtoolchain/bin/../lib/gcc/avr/4.6.2/../../../../avr/lib/avr6/crtm2560.o (exit)
c:/program files/atmel/atmel studio 6.0/extensions/atmel/avrgcc/3.4.1.95/avrtoolchain/bin/../lib/gcc/avr/4.6.2/avr6\libgcc.a(_copy_data.o)
                              init.o (__do_copy_data)
c:/program files/atmel/atmel studio 6.0/extensions/atmel/avrgcc/3.4.1.95/avrtoolchain/bin/../lib/gcc/avr/4.6.2/avr6\libgcc.a(_clear_bss.o)
                              init.o (__do_clear_bss)
c:/program files/atmel/atmel studio 6.0/extensions/atmel/avrgcc/3.4.1.95/avrtoolchain/bin/../lib/gcc/avr/4.6.2/../../../../avr/lib/avr6\libc.a(memcpy.o)
                              queue.o (memcpy)
c:/program files/atmel/atmel studio 6.0/extensions/atmel/avrgcc/3.4.1.95/avrtoolchain/bin/../lib/gcc/avr/4.6.2/../../../../avr/lib/avr6\libc.a(memset.o)
                              tasks.o (memset)
c:/program files/atmel/atmel studio 6.0/extensions/atmel/avrgcc/3.4.1.95/avrtoolchain/bin/../lib/gcc/avr/4.6.2/../../../../avr/lib/avr6\libc.a(strncpy.o)
                              tasks.o (strncpy)

Allocating common symbols
Common symbol       size              file

xBinarySemaphore_timer
                    0x2               lab4_main.o

Memory Configuration

Name             Origin             Length             Attributes
text             0x00000000         0x00100000         xr
data             0x00800200         0x0000fe00         rw !x
eeprom           0x00810000         0x00010000         rw !x
fuse             0x00820000         0x00000400         rw !x
lock             0x00830000         0x00000400         rw !x
signature        0x00840000         0x00000400         rw !x
*default*        0x00000000         0xffffffff

Linker script and memory map

Address of section .data set to 0x800200
LOAD c:/program files/atmel/atmel studio 6.0/extensions/atmel/avrgcc/3.4.1.95/avrtoolchain/bin/../lib/gcc/avr/4.6.2/../../../../avr/lib/avr6/crtm2560.o
LOAD init.o
LOAD croutine.o
LOAD heap_1.o
LOAD lab4_main.o
LOAD list.o
LOAD port.o
LOAD queue.o
LOAD spi_sseg.o
LOAD tasks.o
LOAD timers.o
START GROUP
LOAD c:/program files/atmel/atmel studio 6.0/extensions/atmel/avrgcc/3.4.1.95/avrtoolchain/bin/../lib/gcc/avr/4.6.2/../../../../avr/lib/avr6\libm.a
END GROUP
LOAD c:/program files/atmel/atmel studio 6.0/extensions/atmel/avrgcc/3.4.1.95/avrtoolchain/bin/../lib/gcc/avr/4.6.2/avr6\libgcc.a
LOAD c:/program files/atmel/atmel studio 6.0/extensions/atmel/avrgcc/3.4.1.95/avrtoolchain/bin/../lib/gcc/avr/4.6.2/../../../../avr/lib/avr6\libc.a
LOAD c:/program files/atmel/atmel studio 6.0/extensions/atmel/avrgcc/3.4.1.95/avrtoolchain/bin/../lib/gcc/avr/4.6.2/avr6\libgcc.a

.hash
 *(.hash)

.dynsym
 *(.dynsym)

.dynstr
 *(.dynstr)

.gnu.version
 *(.gnu.version)

.gnu.version_d
 *(.gnu.version_d)

.gnu.version_r
 *(.gnu.version_r)

.rel.init
 *(.rel.init)

.rela.init
 *(.rela.init)

.rel.text
 *(.rel.text)
 *(.rel.text.*)
 *(.rel.gnu.linkonce.t*)

.rela.text
 *(.rela.text)
 *(.rela.text.*)
 *(.rela.gnu.linkonce.t*)

.rel.fini
 *(.rel.fini)

.rela.fini
 *(.rela.fini)

.rel.rodata
 *(.rel.rodata)
 *(.rel.rodata.*)
 *(.rel.gnu.linkonce.r*)

.rela.rodata
 *(.rela.rodata)
 *(.rela.rodata.*)
 *(.rela.gnu.linkonce.r*)

.rel.data
 *(.rel.data)
 *(.rel.data.*)
 *(.rel.gnu.linkonce.d*)

.rela.data
 *(.rela.data)
 *(.rela.data.*)
 *(.rela.gnu.linkonce.d*)

.rel.ctors
 *(.rel.ctors)

.rela.ctors
 *(.rela.ctors)

.rel.dtors
 *(.rel.dtors)

.rela.dtors
 *(.rela.dtors)

.rel.got
 *(.rel.got)

.rela.got
 *(.rela.got)

.rel.bss
 *(.rel.bss)

.rela.bss
 *(.rela.bss)

.rel.plt
 *(.rel.plt)

.rela.plt
 *(.rela.plt)

.text           0x00000000     0x20c2
 *(.vectors)
 .vectors       0x00000000       0xe4 c:/program files/atmel/atmel studio 6.0/extensions/atmel/avrgcc/3.4.1.95/avrtoolchain/bin/../lib/gcc/avr/4.6.2/../../../../avr/lib/avr6/crtm2560.o
                0x00000000                __vector_default
                0x00000000                __vectors
 *(.vectors)
 *(.progmem.gcc*)
 *(.progmem*)
                0x000000e4                . = ALIGN (0x2)
                0x000000e4                __trampolines_start = .
 *(.trampolines)
 .trampolines   0x000000e4        0x0 linker stubs
 *(.trampolines*)
                0x000000e4                __trampolines_end = .
 *(.jumptables)
 *(.jumptables*)
 *(.lowtext)
 *(.lowtext*)
                0x000000e4                __ctors_start = .
 *(.ctors)
                0x000000e4                __ctors_end = .
                0x000000e4                __dtors_start = .
 *(.dtors)
                0x000000e4                __dtors_end = .
 SORT(*)(.ctors)
 SORT(*)(.dtors)
 *(.init0)
 .init0         0x000000e4        0x0 c:/program files/atmel/atmel studio 6.0/extensions/atmel/avrgcc/3.4.1.95/avrtoolchain/bin/../lib/gcc/avr/4.6.2/../../../../avr/lib/avr6/crtm2560.o
                0x000000e4                __init
 *(.init0)
 *(.init1)
 *(.init1)
 *(.init2)
 .init2         0x000000e4       0x10 c:/program files/atmel/atmel studio 6.0/extensions/atmel/avrgcc/3.4.1.95/avrtoolchain/bin/../lib/gcc/avr/4.6.2/../../../../avr/lib/avr6/crtm2560.o
 *(.init2)
 *(.init3)
 *(.init3)
 *(.init4)
 .init4         0x000000f4       0x1c c:/program files/atmel/atmel studio 6.0/extensions/atmel/avrgcc/3.4.1.95/avrtoolchain/bin/../lib/gcc/avr/4.6.2/avr6\libgcc.a(_copy_data.o)
                0x000000f4                __do_copy_data
 .init4         0x00000110       0x10 c:/program files/atmel/atmel studio 6.0/extensions/atmel/avrgcc/3.4.1.95/avrtoolchain/bin/../lib/gcc/avr/4.6.2/avr6\libgcc.a(_clear_bss.o)
                0x00000110                __do_clear_bss
 *(.init4)
 *(.init5)
 *(.init5)
 *(.init6)
 *(.init6)
 *(.init7)
 *(.init7)
 *(.init8)
 *(.init8)
 *(.init9)
 .init9         0x00000120        0x8 c:/program files/atmel/atmel studio 6.0/extensions/atmel/avrgcc/3.4.1.95/avrtoolchain/bin/../lib/gcc/avr/4.6.2/../../../../avr/lib/avr6/crtm2560.o
 *(.init9)
 *(.text)
 .text          0x00000128        0x4 c:/program files/atmel/atmel studio 6.0/extensions/atmel/avrgcc/3.4.1.95/avrtoolchain/bin/../lib/gcc/avr/4.6.2/../../../../avr/lib/avr6/crtm2560.o
                0x00000128                __vector_38
                0x00000128                __vector_22
                0x00000128                __vector_28
                0x00000128                __vector_1
                0x00000128                __vector_34
                0x00000128                __vector_24
                0x00000128                __vector_12
                0x00000128                __vector_55
                0x00000128                __vector_46
                0x00000128                __bad_interrupt
                0x00000128                __vector_6
                0x00000128                __vector_31
                0x00000128                __vector_35
                0x00000128                __vector_39
                0x00000128                __vector_3
                0x00000128                __vector_23
                0x00000128                __vector_30
                0x00000128                __vector_45
                0x00000128                __vector_25
                0x00000128                __vector_11
                0x00000128                __vector_54
                0x00000128                __vector_17
                0x00000128                __vector_19
                0x00000128                __vector_56
                0x00000128                __vector_7
                0x00000128                __vector_49
                0x00000128                __vector_41
                0x00000128                __vector_43
                0x00000128                __vector_27
                0x00000128                __vector_5
                0x00000128                __vector_33
                0x00000128                __vector_47
                0x00000128                __vector_52
                0x00000128                __vector_37
                0x00000128                __vector_4
                0x00000128                __vector_44
                0x00000128                __vector_51
                0x00000128                __vector_9
                0x00000128                __vector_2
                0x00000128                __vector_21
                0x00000128                __vector_15
                0x00000128                __vector_36
                0x00000128                __vector_29
                0x00000128                __vector_40
                0x00000128                __vector_8
                0x00000128                __vector_26
                0x00000128                __vector_48
                0x00000128                __vector_14
                0x00000128                __vector_53
                0x00000128                __vector_10
                0x00000128                __vector_50
                0x00000128                __vector_16
                0x00000128                __vector_18
                0x00000128                __vector_20
                0x00000128                __vector_42
 .text          0x0000012c       0x22 init.o
                0x0000012c                vIO_init
                0x00000134                initialize_timer2
 .text          0x0000014e      0x44a croutine.o
                0x0000014e                xCoRoutineCreate
                0x00000254                vCoRoutineAddToDelayedList
                0x000002da                vCoRoutineSchedule
                0x0000054a                xCoRoutineRemoveFromEventList
 .text          0x00000598       0x70 heap_1.o
                0x00000598                pvPortMalloc
                0x000005ea                vPortFree
                0x000005ec                vPortInitialiseBlocks
                0x000005f6                xPortGetFreeHeapSize
 .text          0x00000608      0x160 lab4_main.o
                0x00000608                vTaskFunction_timerHandler
                0x00000680                main
                0x000006f4                __vector_13
                0x00000766                vApplicationTickHook
 .text          0x00000768      0x13e list.o
                0x00000768                vListInitialise
                0x00000784                vListInitialiseItem
                0x0000078c                vListInsertEnd
                0x000007de                vListInsert
                0x00000858                uxListRemove
 .text          0x000008a6      0x33e port.o
                0x000008a6                pxPortInitialiseStack
                0x000009d8                xPortStartScheduler
                0x00000a54                vPortEndScheduler
                0x00000a56                vPortYield
                0x00000b18                vPortYieldFromTick
                0x00000bde                __vector_32
 .text          0x00000be4      0x6be queue.o
                0x00000d76                xQueueGenericReset
                0x00000e02                xQueueGenericCreate
                0x00000e64                xQueueGenericSend
                0x00000fa0                xQueueCreateMutex
                0x00000ffa                xQueueGenericSendFromISR
                0x0000105e                xQueueGenericReceive
                0x000011f2                xQueueReceiveFromISR
                0x00001258                uxQueueMessagesWaiting
                0x00001268                uxQueueMessagesWaitingFromISR
                0x0000126e                vQueueDelete
                0x00001288                xQueueIsQueueEmptyFromISR
                0x00001294                xQueueIsQueueFullFromISR
 .text          0x000012a2      0x17a spi_sseg.o
                0x000012a2                SPI_MasterTransmit
                0x000012b0                SSEG_Set_Brightness
                0x000012c4                SPI_MasterInit
                0x000012da                SSEG_Reset
                0x000012e2                SSEG_Write_4vals_array
                0x00001300                SSEG_Write_digit
                0x00001356                SSEG_Write_left_digits
                0x00001372                SSEG_Write_right_digits
                0x000013a8                SSEG_Write_Decimal_Point
 .text          0x0000141c      0xc4c tasks.o
                0x0000149a                xTaskGenericCreate
                0x000016ca                xTaskIsTaskSuspended
                0x000016f8                vTaskResume
                0x0000177e                xTaskResumeFromISR
                0x00001810                vTaskStartScheduler
                0x00001866                vTaskEndScheduler
                0x00001872                vTaskSuspendAll
                0x0000187e                xTaskGetTickCount
                0x00001892                xTaskGetTickCountFromISR
                0x0000189c                uxTaskGetNumberOfTasks
                0x000018a2                vTaskIncrementTick
                0x00001a3e                xTaskResumeAll
                0x00001b5e                vTaskDelay
                0x00001b9e                vTaskDelayUntil
                0x00001c32                vTaskSwitchContext
                0x00001cec                vTaskSuspend
                0x00001d8c                vTaskPlaceOnEventList
                0x00001de4                xTaskRemoveFromEventList
                0x00001e74                vTaskSetTimeOutState
                0x00001e8a                xTaskCheckForTimeOut
                0x00001f06                vTaskMissedYield
                0x00001f0e                uxTaskGetStackHighWaterMark
                0x00001f40                xTaskGetCurrentTaskHandle
                0x00001f4a                vTaskPriorityInherit
                0x00001ffe                vTaskPriorityDisinherit
 .text          0x00002068        0x0 timers.o
 .text          0x00002068        0x0 c:/program files/atmel/atmel studio 6.0/extensions/atmel/avrgcc/3.4.1.95/avrtoolchain/bin/../lib/gcc/avr/4.6.2/avr6\libgcc.a(_udivmodqi4.o)
 .text          0x00002068        0x0 c:/program files/atmel/atmel studio 6.0/extensions/atmel/avrgcc/3.4.1.95/avrtoolchain/bin/../lib/gcc/avr/4.6.2/avr6\libgcc.a(_exit.o)
 .text          0x00002068        0x0 c:/program files/atmel/atmel studio 6.0/extensions/atmel/avrgcc/3.4.1.95/avrtoolchain/bin/../lib/gcc/avr/4.6.2/avr6\libgcc.a(_copy_data.o)
 .text          0x00002068        0x0 c:/program files/atmel/atmel studio 6.0/extensions/atmel/avrgcc/3.4.1.95/avrtoolchain/bin/../lib/gcc/avr/4.6.2/avr6\libgcc.a(_clear_bss.o)
 .text          0x00002068        0x0 c:/program files/atmel/atmel studio 6.0/extensions/atmel/avrgcc/3.4.1.95/avrtoolchain/bin/../lib/gcc/avr/4.6.2/../../../../avr/lib/avr6\libc.a(memcpy.o)
 .text          0x00002068        0x0 c:/program files/atmel/atmel studio 6.0/extensions/atmel/avrgcc/3.4.1.95/avrtoolchain/bin/../lib/gcc/avr/4.6.2/../../../../avr/lib/avr6\libc.a(memset.o)
 .text          0x00002068        0x0 c:/program files/atmel/atmel studio 6.0/extensions/atmel/avrgcc/3.4.1.95/avrtoolchain/bin/../lib/gcc/avr/4.6.2/../../../../avr/lib/avr6\libc.a(strncpy.o)
                0x00002068                . = ALIGN (0x2)
 *(.text.*)
 .text.libgcc   0x00002068       0x18 c:/program files/atmel/atmel studio 6.0/extensions/atmel/avrgcc/3.4.1.95/avrtoolchain/bin/../lib/gcc/avr/4.6.2/avr6\libgcc.a(_udivmodqi4.o)
                0x00002068                __udivmodqi4
 .text.libgcc   0x00002080        0x0 c:/program files/atmel/atmel studio 6.0/extensions/atmel/avrgcc/3.4.1.95/avrtoolchain/bin/../lib/gcc/avr/4.6.2/avr6\libgcc.a(_exit.o)
 .text.libgcc   0x00002080        0x0 c:/program files/atmel/atmel studio 6.0/extensions/atmel/avrgcc/3.4.1.95/avrtoolchain/bin/../lib/gcc/avr/4.6.2/avr6\libgcc.a(_copy_data.o)
 .text.libgcc   0x00002080        0x0 c:/program files/atmel/atmel studio 6.0/extensions/atmel/avrgcc/3.4.1.95/avrtoolchain/bin/../lib/gcc/avr/4.6.2/avr6\libgcc.a(_clear_bss.o)
 .text.avr-libc
                0x00002080       0x12 c:/program files/atmel/atmel studio 6.0/extensions/atmel/avrgcc/3.4.1.95/avrtoolchain/bin/../lib/gcc/avr/4.6.2/../../../../avr/lib/avr6\libc.a(memcpy.o)
                0x00002080                memcpy
 .text.avr-libc
                0x00002092        0xe c:/program files/atmel/atmel studio 6.0/extensions/atmel/avrgcc/3.4.1.95/avrtoolchain/bin/../lib/gcc/avr/4.6.2/../../../../avr/lib/avr6\libc.a(memset.o)
                0x00002092                memset
 .text.avr-libc
                0x000020a0       0x1e c:/program files/atmel/atmel studio 6.0/extensions/atmel/avrgcc/3.4.1.95/avrtoolchain/bin/../lib/gcc/avr/4.6.2/../../../../avr/lib/avr6\libc.a(strncpy.o)
                0x000020a0                strncpy
                0x000020be                . = ALIGN (0x2)
 *(.fini9)
 .fini9         0x000020be        0x0 c:/program files/atmel/atmel studio 6.0/extensions/atmel/avrgcc/3.4.1.95/avrtoolchain/bin/../lib/gcc/avr/4.6.2/avr6\libgcc.a(_exit.o)
                0x000020be                _exit
                0x000020be                exit
 *(.fini9)
 *(.fini8)
 *(.fini8)
 *(.fini7)
 *(.fini7)
 *(.fini6)
 *(.fini6)
 *(.fini5)
 *(.fini5)
 *(.fini4)
 *(.fini4)
 *(.fini3)
 *(.fini3)
 *(.fini2)
 *(.fini2)
 *(.fini1)
 *(.fini1)
 *(.fini0)
 .fini0         0x000020be        0x4 c:/program files/atmel/atmel studio 6.0/extensions/atmel/avrgcc/3.4.1.95/avrtoolchain/bin/../lib/gcc/avr/4.6.2/avr6\libgcc.a(_exit.o)
 *(.fini0)
                0x000020c2                _etext = .

.data           0x00800200       0x10 load address 0x000020c2
                0x00800200                PROVIDE (__data_start, .)
 *(.data)
 .data          0x00800200        0x0 c:/program files/atmel/atmel studio 6.0/extensions/atmel/avrgcc/3.4.1.95/avrtoolchain/bin/../lib/gcc/avr/4.6.2/../../../../avr/lib/avr6/crtm2560.o
 .data          0x00800200        0x0 init.o
 .data          0x00800200        0x0 croutine.o
 .data          0x00800200        0x0 heap_1.o
 .data          0x00800200        0x9 lab4_main.o
 .data          0x00800209        0x0 list.o
 .data          0x00800209        0x0 port.o
 .data          0x00800209        0x0 queue.o
 .data          0x00800209        0x0 spi_sseg.o
 .data          0x00800209        0x7 tasks.o
 .data          0x00800210        0x0 timers.o
 .data          0x00800210        0x0 c:/program files/atmel/atmel studio 6.0/extensions/atmel/avrgcc/3.4.1.95/avrtoolchain/bin/../lib/gcc/avr/4.6.2/avr6\libgcc.a(_udivmodqi4.o)
 .data          0x00800210        0x0 c:/program files/atmel/atmel studio 6.0/extensions/atmel/avrgcc/3.4.1.95/avrtoolchain/bin/../lib/gcc/avr/4.6.2/avr6\libgcc.a(_exit.o)
 .data          0x00800210        0x0 c:/program files/atmel/atmel studio 6.0/extensions/atmel/avrgcc/3.4.1.95/avrtoolchain/bin/../lib/gcc/avr/4.6.2/avr6\libgcc.a(_copy_data.o)
 .data          0x00800210        0x0 c:/program files/atmel/atmel studio 6.0/extensions/atmel/avrgcc/3.4.1.95/avrtoolchain/bin/../lib/gcc/avr/4.6.2/avr6\libgcc.a(_clear_bss.o)
 .data          0x00800210        0x0 c:/program files/atmel/atmel studio 6.0/extensions/atmel/avrgcc/3.4.1.95/avrtoolchain/bin/../lib/gcc/avr/4.6.2/../../../../avr/lib/avr6\libc.a(memcpy.o)
 .data          0x00800210        0x0 c:/program files/atmel/atmel studio 6.0/extensions/atmel/avrgcc/3.4.1.95/avrtoolchain/bin/../lib/gcc/avr/4.6.2/../../../../avr/lib/avr6\libc.a(memset.o)
 .data          0x00800210        0x0 c:/program files/atmel/atmel studio 6.0/extensions/atmel/avrgcc/3.4.1.95/avrtoolchain/bin/../lib/gcc/avr/4.6.2/../../../../avr/lib/avr6\libc.a(strncpy.o)
 *(.data*)
 *(.rodata)
 *(.rodata*)
 *(.gnu.linkonce.d*)
                0x00800210                . = ALIGN (0x2)
                0x00800210                _edata = .
                0x00800210                PROVIDE (__data_end, .)

.bss            0x00800210     0x189b
                0x00800210                PROVIDE (__bss_start, .)
 *(.bss)
 .bss           0x00800210        0x0 c:/program files/atmel/atmel studio 6.0/extensions/atmel/avrgcc/3.4.1.95/avrtoolchain/bin/../lib/gcc/avr/4.6.2/../../../../avr/lib/avr6/crtm2560.o
 .bss           0x00800210        0x0 init.o
 .bss           0x00800210       0x3a croutine.o
                0x00800210                pxCurrentCoRoutine
 .bss           0x0080024a     0x1802 heap_1.o
 .bss           0x00801a4c        0x4 lab4_main.o
 .bss           0x00801a50        0x0 list.o
 .bss           0x00801a50        0x0 port.o
 .bss           0x00801a50        0x0 queue.o
 .bss           0x00801a50        0x0 spi_sseg.o
 .bss           0x00801a50       0x59 tasks.o
                0x00801a50                pxCurrentTCB
 .bss           0x00801aa9        0x0 timers.o
 .bss           0x00801aa9        0x0 c:/program files/atmel/atmel studio 6.0/extensions/atmel/avrgcc/3.4.1.95/avrtoolchain/bin/../lib/gcc/avr/4.6.2/avr6\libgcc.a(_udivmodqi4.o)
 .bss           0x00801aa9        0x0 c:/program files/atmel/atmel studio 6.0/extensions/atmel/avrgcc/3.4.1.95/avrtoolchain/bin/../lib/gcc/avr/4.6.2/avr6\libgcc.a(_exit.o)
 .bss           0x00801aa9        0x0 c:/program files/atmel/atmel studio 6.0/extensions/atmel/avrgcc/3.4.1.95/avrtoolchain/bin/../lib/gcc/avr/4.6.2/avr6\libgcc.a(_copy_data.o)
 .bss           0x00801aa9        0x0 c:/program files/atmel/atmel studio 6.0/extensions/atmel/avrgcc/3.4.1.95/avrtoolchain/bin/../lib/gcc/avr/4.6.2/avr6\libgcc.a(_clear_bss.o)
 .bss           0x00801aa9        0x0 c:/program files/atmel/atmel studio 6.0/extensions/atmel/avrgcc/3.4.1.95/avrtoolchain/bin/../lib/gcc/avr/4.6.2/../../../../avr/lib/avr6\libc.a(memcpy.o)
 .bss           0x00801aa9        0x0 c:/program files/atmel/atmel studio 6.0/extensions/atmel/avrgcc/3.4.1.95/avrtoolchain/bin/../lib/gcc/avr/4.6.2/../../../../avr/lib/avr6\libc.a(memset.o)
 .bss           0x00801aa9        0x0 c:/program files/atmel/atmel studio 6.0/extensions/atmel/avrgcc/3.4.1.95/avrtoolchain/bin/../lib/gcc/avr/4.6.2/../../../../avr/lib/avr6\libc.a(strncpy.o)
 *(.bss*)
 *(COMMON)
 COMMON         0x00801aa9        0x2 lab4_main.o
                0x00801aa9                xBinarySemaphore_timer
                0x00801aab                PROVIDE (__bss_end, .)
                0x000020c2                __data_load_start = LOADADDR (.data)
                0x000020d2                __data_load_end = (__data_load_start + SIZEOF (.data))

.noinit         0x00801aab        0x0
                0x00801aab                PROVIDE (__noinit_start, .)
 *(.noinit*)
                0x00801aab                PROVIDE (__noinit_end, .)
                0x00801aab                _end = .
                0x00801aab                PROVIDE (__heap_start, .)

.eeprom         0x00810000        0x0
 *(.eeprom*)
                0x00810000                __eeprom_end = .

.fuse
 *(.fuse)
 *(.lfuse)
 *(.hfuse)
 *(.efuse)

.lock
 *(.lock*)

.signature
 *(.signature*)

.stab           0x00000000      0x8a0
 *(.stab)
 .stab          0x00000000      0x6e4 c:/program files/atmel/atmel studio 6.0/extensions/atmel/avrgcc/3.4.1.95/avrtoolchain/bin/../lib/gcc/avr/4.6.2/../../../../avr/lib/avr6/crtm2560.o
 .stab          0x000006e4       0x84 c:/program files/atmel/atmel studio 6.0/extensions/atmel/avrgcc/3.4.1.95/avrtoolchain/bin/../lib/gcc/avr/4.6.2/../../../../avr/lib/avr6\libc.a(memcpy.o)
                                 0x90 (size before relaxing)
 .stab          0x00000768       0x6c c:/program files/atmel/atmel studio 6.0/extensions/atmel/avrgcc/3.4.1.95/avrtoolchain/bin/../lib/gcc/avr/4.6.2/../../../../avr/lib/avr6\libc.a(memset.o)
                                 0x78 (size before relaxing)
 .stab          0x000007d4       0xcc c:/program files/atmel/atmel studio 6.0/extensions/atmel/avrgcc/3.4.1.95/avrtoolchain/bin/../lib/gcc/avr/4.6.2/../../../../avr/lib/avr6\libc.a(strncpy.o)
                                 0xd8 (size before relaxing)

.stabstr        0x00000000      0x1ac
 *(.stabstr)
 .stabstr       0x00000000      0x1ac c:/program files/atmel/atmel studio 6.0/extensions/atmel/avrgcc/3.4.1.95/avrtoolchain/bin/../lib/gcc/avr/4.6.2/../../../../avr/lib/avr6/crtm2560.o

.stab.excl
 *(.stab.excl)

.stab.exclstr
 *(.stab.exclstr)

.stab.index
 *(.stab.index)

.stab.indexstr
 *(.stab.indexstr)

.comment
 *(.comment)

.debug
 *(.debug)

.line
 *(.line)

.debug_srcinfo
 *(.debug_srcinfo)

.debug_sfnames
 *(.debug_sfnames)

.debug_aranges  0x00000000      0x1a0
 *(.debug_aranges)
 .debug_aranges
                0x00000000       0x20 init.o
 .debug_aranges
                0x00000020       0x20 croutine.o
 .debug_aranges
                0x00000040       0x20 heap_1.o
 .debug_aranges
                0x00000060       0x20 lab4_main.o
 .debug_aranges
                0x00000080       0x20 list.o
 .debug_aranges
                0x000000a0       0x20 port.o
 .debug_aranges
                0x000000c0       0x20 queue.o
 .debug_aranges
                0x000000e0       0x20 spi_sseg.o
 .debug_aranges
                0x00000100       0x20 tasks.o
 .debug_aranges
                0x00000120       0x20 c:/program files/atmel/atmel studio 6.0/extensions/atmel/avrgcc/3.4.1.95/avrtoolchain/bin/../lib/gcc/avr/4.6.2/avr6\libgcc.a(_udivmodqi4.o)
 .debug_aranges
                0x00000140       0x20 c:/program files/atmel/atmel studio 6.0/extensions/atmel/avrgcc/3.4.1.95/avrtoolchain/bin/../lib/gcc/avr/4.6.2/avr6\libgcc.a(_exit.o)
 .debug_aranges
                0x00000160       0x20 c:/program files/atmel/atmel studio 6.0/extensions/atmel/avrgcc/3.4.1.95/avrtoolchain/bin/../lib/gcc/avr/4.6.2/avr6\libgcc.a(_copy_data.o)
 .debug_aranges
                0x00000180       0x20 c:/program files/atmel/atmel studio 6.0/extensions/atmel/avrgcc/3.4.1.95/avrtoolchain/bin/../lib/gcc/avr/4.6.2/avr6\libgcc.a(_clear_bss.o)

.debug_pubnames
 *(.debug_pubnames)

.debug_info     0x00000000     0x288b
 *(.debug_info)
 .debug_info    0x00000000       0x93 init.o
 .debug_info    0x00000093      0x51e croutine.o
 .debug_info    0x000005b1      0x16a heap_1.o
 .debug_info    0x0000071b      0x187 lab4_main.o
 .debug_info    0x000008a2      0x2ab list.o
 .debug_info    0x00000b4d      0x1ee port.o
 .debug_info    0x00000d3b      0x811 queue.o
 .debug_info    0x0000154c      0x213 spi_sseg.o
 .debug_info    0x0000175f      0xd4c tasks.o
 .debug_info    0x000024ab       0x6c timers.o
 .debug_info    0x00002517       0xdd c:/program files/atmel/atmel studio 6.0/extensions/atmel/avrgcc/3.4.1.95/avrtoolchain/bin/../lib/gcc/avr/4.6.2/avr6\libgcc.a(_udivmodqi4.o)
 .debug_info    0x000025f4       0xdd c:/program files/atmel/atmel studio 6.0/extensions/atmel/avrgcc/3.4.1.95/avrtoolchain/bin/../lib/gcc/avr/4.6.2/avr6\libgcc.a(_exit.o)
 .debug_info    0x000026d1       0xdd c:/program files/atmel/atmel studio 6.0/extensions/atmel/avrgcc/3.4.1.95/avrtoolchain/bin/../lib/gcc/avr/4.6.2/avr6\libgcc.a(_copy_data.o)
 .debug_info    0x000027ae       0xdd c:/program files/atmel/atmel studio 6.0/extensions/atmel/avrgcc/3.4.1.95/avrtoolchain/bin/../lib/gcc/avr/4.6.2/avr6\libgcc.a(_clear_bss.o)
 *(.gnu.linkonce.wi.*)

.debug_abbrev   0x00000000      0xb47
 *(.debug_abbrev)
 .debug_abbrev  0x00000000       0x4c init.o
 .debug_abbrev  0x0000004c      0x1dc croutine.o
 .debug_abbrev  0x00000228      0x10b heap_1.o
 .debug_abbrev  0x00000333       0xc1 lab4_main.o
 .debug_abbrev  0x000003f4       0xed list.o
 .debug_abbrev  0x000004e1       0xfa port.o
 .debug_abbrev  0x000005db      0x180 queue.o
 .debug_abbrev  0x0000075b       0xf2 spi_sseg.o
 .debug_abbrev  0x0000084d      0x280 tasks.o
 .debug_abbrev  0x00000acd       0x2a timers.o
 .debug_abbrev  0x00000af7       0x14 c:/program files/atmel/atmel studio 6.0/extensions/atmel/avrgcc/3.4.1.95/avrtoolchain/bin/../lib/gcc/avr/4.6.2/avr6\libgcc.a(_udivmodqi4.o)
 .debug_abbrev  0x00000b0b       0x14 c:/program files/atmel/atmel studio 6.0/extensions/atmel/avrgcc/3.4.1.95/avrtoolchain/bin/../lib/gcc/avr/4.6.2/avr6\libgcc.a(_exit.o)
 .debug_abbrev  0x00000b1f       0x14 c:/program files/atmel/atmel studio 6.0/extensions/atmel/avrgcc/3.4.1.95/avrtoolchain/bin/../lib/gcc/avr/4.6.2/avr6\libgcc.a(_copy_data.o)
 .debug_abbrev  0x00000b33       0x14 c:/program files/atmel/atmel studio 6.0/extensions/atmel/avrgcc/3.4.1.95/avrtoolchain/bin/../lib/gcc/avr/4.6.2/avr6\libgcc.a(_clear_bss.o)

.debug_line     0x00000000     0x10f3
 *(.debug_line)
 .debug_line    0x00000000       0xd6 init.o
 .debug_line    0x000000d6      0x129 croutine.o
 .debug_line    0x000001ff       0xdc heap_1.o
 .debug_line    0x000002db      0x160 lab4_main.o
 .debug_line    0x0000043b       0xb7 list.o
 .debug_line    0x000004f2      0x180 port.o
 .debug_line    0x00000672      0x271 queue.o
 .debug_line    0x000008e3      0x13e spi_sseg.o
 .debug_line    0x00000a21      0x47a tasks.o
 .debug_line    0x00000e9b       0x1a timers.o
 .debug_line    0x00000eb5       0x92 c:/program files/atmel/atmel studio 6.0/extensions/atmel/avrgcc/3.4.1.95/avrtoolchain/bin/../lib/gcc/avr/4.6.2/avr6\libgcc.a(_udivmodqi4.o)
 .debug_line    0x00000f47       0x88 c:/program files/atmel/atmel studio 6.0/extensions/atmel/avrgcc/3.4.1.95/avrtoolchain/bin/../lib/gcc/avr/4.6.2/avr6\libgcc.a(_exit.o)
 .debug_line    0x00000fcf       0x96 c:/program files/atmel/atmel studio 6.0/extensions/atmel/avrgcc/3.4.1.95/avrtoolchain/bin/../lib/gcc/avr/4.6.2/avr6\libgcc.a(_copy_data.o)
 .debug_line    0x00001065       0x8e c:/program files/atmel/atmel studio 6.0/extensions/atmel/avrgcc/3.4.1.95/avrtoolchain/bin/../lib/gcc/avr/4.6.2/avr6\libgcc.a(_clear_bss.o)

.debug_frame    0x00000000      0x958
 *(.debug_frame)
 .debug_frame   0x00000000       0x34 init.o
 .debug_frame   0x00000034       0xd8 croutine.o
 .debug_frame   0x0000010c       0x68 heap_1.o
 .debug_frame   0x00000174       0xd0 lab4_main.o
 .debug_frame   0x00000244       0x7c list.o
 .debug_frame   0x000002c0       0x74 port.o
 .debug_frame   0x00000334      0x210 queue.o
 .debug_frame   0x00000544       0xd4 spi_sseg.o
 .debug_frame   0x00000618      0x340 tasks.o

.debug_str      0x00000000     0x1076
 *(.debug_str)
 .debug_str     0x00000000       0xa3 init.o
                                 0xd7 (size before relaxing)
 .debug_str     0x000000a3      0x353 croutine.o
                                0x40e (size before relaxing)
 .debug_str     0x000003f6       0x9a heap_1.o
                                0x15a (size before relaxing)
 .debug_str     0x00000490       0xc9 lab4_main.o
                                0x1b7 (size before relaxing)
 .debug_str     0x00000559       0xa0 list.o
                                0x1eb (size before relaxing)
 .debug_str     0x000005f9       0xed port.o
                                0x1c2 (size before relaxing)
 .debug_str     0x000006e6      0x311 queue.o
                                0x4ab (size before relaxing)
 .debug_str     0x000009f7       0xe9 spi_sseg.o
                                0x1a4 (size before relaxing)
 .debug_str     0x00000ae0      0x588 tasks.o
                                0x7eb (size before relaxing)
 .debug_str     0x00001068        0xe timers.o
                                 0xce (size before relaxing)

.debug_loc      0x00000000     0x266f
 *(.debug_loc)
 .debug_loc     0x00000000      0x3e0 croutine.o
 .debug_loc     0x000003e0       0xb1 heap_1.o
 .debug_loc     0x00000491      0x19b lab4_main.o
 .debug_loc     0x0000062c      0x17e list.o
 .debug_loc     0x000007aa      0x2b5 port.o
 .debug_loc     0x00000a5f      0xa24 queue.o
 .debug_loc     0x00001483      0x291 spi_sseg.o
 .debug_loc     0x00001714      0xf5b tasks.o

.debug_macinfo
 *(.debug_macinfo)
OUTPUT(Lab 4.elf elf32-avr)
LOAD linker stubs

.debug_ranges   0x00000000       0xa8
 .debug_ranges  0x00000000       0x18 croutine.o
 .debug_ranges  0x00000018       0x90 tasks.o
